2025-03-10 12:02:50 [main] INFO  Log - Setting up WebDriver
2025-03-10 12:02:52 [main] INFO  Log - Navigationg to test URL
2025-03-10 12:02:53 [main] INFO  Log - Start login test..
2025-03-10 12:02:54 [main] INFO  Log - Clicking Login button..
2025-03-10 12:02:54 [main] INFO  Log - Verifying page title..
2025-03-10 12:02:54 [main] INFO  Log - Login test completed..
2025-03-10 12:02:54 [main] INFO  Log - Closing browser...
2025-03-10 14:01:26 [main] INFO  Log - Setting up WebDriver
2025-03-10 14:01:28 [main] INFO  Log - Navigationg to test URL
2025-03-10 14:01:29 [main] INFO  Log - Start login test..
2025-03-10 14:01:29 [main] INFO  Log - Clicking Login button..
2025-03-10 14:01:29 [main] INFO  Log - Verifying page title..
2025-03-10 14:01:30 [main] INFO  Log - Login test completed..
2025-03-10 14:01:30 [main] INFO  Log - Closing browser...
2025-03-10 16:24:52 [main] INFO  Log - Setting up WebDriver
2025-03-10 16:24:54 [main] INFO  Log - Navigationg to test URL
2025-03-10 16:24:55 [main] INFO  Log - Start login test..
2025-03-10 16:24:55 [main] INFO  Log - Clicking Login button..
2025-03-10 16:24:55 [main] INFO  Log - Verifying page title..
2025-03-10 16:27:54 [main] INFO  Log - Setting up WebDriver
2025-03-10 16:27:56 [main] INFO  Log - Navigationg to test URL
2025-03-10 16:27:57 [main] INFO  Log - Start login test..
2025-03-10 16:27:57 [main] INFO  Log - Clicking Login button..
2025-03-10 16:27:57 [main] INFO  Log - Verifying page title..
2025-03-10 18:06:02 [main] INFO  Log - Setting up WebDriver
2025-03-10 18:06:04 [main] INFO  Log - Navigationg to test URL
2025-03-10 18:06:05 [main] INFO  Log - Start login test..
2025-03-10 18:06:06 [main] INFO  Log - Clicking Login button..
2025-03-10 18:06:06 [main] INFO  Log - Verifying page title..
2025-03-10 18:06:06 [main] INFO  Log - Closing Browser...
2025-03-10 18:14:49 [main] INFO  Log - Setting up WebDriver
2025-03-10 18:14:51 [main] INFO  Log - Navigationg to test URL
2025-03-10 18:14:52 [main] INFO  Log - Start login test..
2025-03-10 18:14:52 [main] INFO  Log - Clicking Login button..
2025-03-10 18:14:53 [main] INFO  Log - Verifying page title..
2025-03-10 18:14:53 [main] INFO  Log - Closing Browser...
2025-03-10 18:14:53 [main] INFO  Log - Setting up WebDriver
2025-03-10 18:14:54 [main] INFO  Log - Navigationg to test URL
2025-03-10 18:14:55 [main] INFO  Log - Start login test..
2025-03-10 18:14:55 [main] INFO  Log - Clicking Login button..
2025-03-10 18:14:55 [main] INFO  Log - Verifying page title..
2025-03-10 18:14:56 [main] INFO  Log - Closing Browser...
2025-03-10 18:15:22 [main] INFO  Log - Setting up WebDriver
2025-03-10 18:15:24 [main] INFO  Log - Navigationg to test URL
2025-03-10 18:15:25 [main] INFO  Log - Start login test..
2025-03-10 18:15:25 [main] INFO  Log - Clicking Login button..
2025-03-10 18:15:25 [main] INFO  Log - Verifying page title..
2025-03-10 18:15:25 [main] INFO  Log - Login test completed..
2025-03-10 18:15:25 [main] INFO  Log - Closing Browser...
2025-03-10 18:15:25 [main] INFO  Log - Setting up WebDriver
2025-03-10 18:15:27 [main] INFO  Log - Navigationg to test URL
2025-03-10 18:15:28 [main] INFO  Log - Start login test..
2025-03-10 18:15:28 [main] INFO  Log - Clicking Login button..
2025-03-10 18:15:28 [main] INFO  Log - Verifying page title..
2025-03-10 18:15:28 [main] INFO  Log - Closing Browser...
2025-03-10 22:52:53 [main] INFO  Log - Setting up WebDriver
2025-03-10 22:52:56 [main] INFO  Log - Navigationg to test URL
2025-03-10 22:52:57 [main] INFO  Log - Start login test..
2025-03-10 22:52:58 [main] INFO  Log - Clicking Login button..
2025-03-10 22:52:58 [main] INFO  Log - Closing Browser...
2025-03-10 22:52:58 [main] INFO  Log - Setting up WebDriver
2025-03-10 22:53:00 [main] INFO  Log - Navigationg to test URL
2025-03-10 22:53:01 [main] INFO  Log - Start login test..
2025-03-10 22:53:02 [main] INFO  Log - Clicking Login button..
2025-03-10 22:53:02 [main] INFO  Log - Closing Browser...
2025-03-10 22:58:39 [main] INFO  Log - Setting up WebDriver
2025-03-10 22:58:42 [main] INFO  Log - Navigationg to test URL
2025-03-10 22:58:42 [main] INFO  Log - Start login test..
2025-03-10 22:58:43 [main] INFO  Log - Clicking Login button..
2025-03-10 22:58:43 [main] INFO  Log - Verifying page title..
2025-03-10 22:58:43 [main] INFO  Log - Login test completed..
2025-03-10 22:58:43 [main] INFO  Log - Closing Browser...
2025-03-10 22:58:44 [main] INFO  Log - Setting up WebDriver
2025-03-10 22:58:45 [main] INFO  Log - Navigationg to test URL
2025-03-10 22:58:46 [main] INFO  Log - Start login test..
2025-03-10 22:58:47 [main] INFO  Log - Clicking Login button..
2025-03-10 22:58:47 [main] INFO  Log - Verifying page title..
2025-03-10 22:58:47 [main] INFO  Log - Closing Browser...
2025-03-11 11:04:44 [main] INFO  Log - Setting up WebDriver
2025-03-11 11:04:52 [main] INFO  Log - Navigationg to test URL
2025-03-11 11:04:53 [main] INFO  Log - Start login test..
2025-03-11 11:04:53 [main] INFO  Log - Clicking Login button..
2025-03-11 11:04:53 [main] INFO  Log - Verifying page title..
2025-03-11 11:04:53 [main] INFO  Log - Login test completed..
2025-03-11 11:04:53 [main] INFO  Log - Closing Browser...
2025-03-11 11:04:54 [main] INFO  Log - Setting up WebDriver
2025-03-11 11:04:56 [main] INFO  Log - Navigationg to test URL
2025-03-11 11:04:56 [main] INFO  Log - Start login test..
2025-03-11 11:04:57 [main] INFO  Log - Clicking Login button..
2025-03-11 11:04:57 [main] INFO  Log - Verifying page title..
2025-03-11 11:04:57 [main] INFO  Log - Closing Browser...
2025-03-11 11:21:24 [main] INFO  Log - Setting up WebDriver
2025-03-11 11:21:26 [main] INFO  Log - Navigationg to test URL
2025-03-11 11:21:27 [main] INFO  Log - Start login test..
2025-03-11 11:21:28 [main] INFO  Log - Clicking Login button..
2025-03-11 11:21:28 [main] INFO  Log - Verifying page title..
2025-03-11 11:21:28 [main] INFO  Log - Login test completed..
2025-03-11 11:21:28 [main] INFO  Log - Closing Browser...
2025-03-11 11:21:28 [main] INFO  Log - Setting up WebDriver
2025-03-11 11:21:30 [main] INFO  Log - Navigationg to test URL
2025-03-11 11:21:31 [main] INFO  Log - Start login test..
2025-03-11 11:21:32 [main] INFO  Log - Clicking Login button..
2025-03-11 11:21:32 [main] INFO  Log - Verifying page title..
2025-03-11 11:21:32 [main] INFO  Log - Closing Browser...
2025-03-11 13:19:56 [main] INFO  Log - Setting up WebDriver
2025-03-11 13:19:59 [main] INFO  Log - Navigationg to test URL
2025-03-11 13:20:00 [main] INFO  Log - Start login test..
2025-03-11 13:20:00 [main] INFO  Log - Clicking Login button..
2025-03-11 13:20:00 [main] INFO  Log - Verifying page title..
2025-03-11 13:20:00 [main] INFO  Log - Login test completed..
2025-03-11 13:20:00 [main] INFO  Log - Closing Browser...
2025-03-11 13:20:00 [main] INFO  Log - Setting up WebDriver
2025-03-11 13:20:02 [main] INFO  Log - Navigationg to test URL
2025-03-11 13:20:02 [main] INFO  Log - Start login test..
2025-03-11 13:20:03 [main] INFO  Log - Clicking Login button..
2025-03-11 13:20:03 [main] INFO  Log - Verifying page title..
2025-03-11 13:20:03 [main] INFO  Log - Closing Browser...
2025-04-29 18:23:34 [main] INFO  Log - Setting up WebDriver
2025-04-29 18:23:39 [main] INFO  Log - Navigationg to test URL
2025-04-29 18:23:39 [main] INFO  Log - Start login test..
2025-04-29 18:23:50 [main] INFO  Log - Closing Browser...
2025-04-29 18:23:51 [main] INFO  Log - Setting up WebDriver
2025-04-29 18:23:52 [main] INFO  Log - Navigationg to test URL
2025-04-29 18:23:53 [main] INFO  Log - Start login test..
2025-04-29 18:24:04 [main] INFO  Log - Closing Browser...
2025-04-29 18:24:05 [main] INFO  Log - Setting up WebDriver
2025-04-29 18:24:06 [main] INFO  Log - Navigationg to test URL
2025-04-29 18:24:08 [main] INFO  Log - Start login test..
2025-04-29 18:24:19 [main] INFO  Log - Closing Browser...
2025-04-29 18:24:20 [main] INFO  Log - Setting up WebDriver
2025-04-29 18:24:22 [main] INFO  Log - Navigationg to test URL
2025-04-29 18:24:23 [main] INFO  Log - Start login test..
2025-04-29 18:24:34 [main] INFO  Log - Closing Browser...
2025-04-29 18:24:34 [main] INFO  Log - Setting up WebDriver
2025-04-29 18:24:36 [main] INFO  Log - Navigationg to test URL
2025-04-29 18:24:37 [main] INFO  Log - Start login test..
2025-04-29 18:24:38 [main] INFO  Log - Clicking Login button..
2025-04-29 18:24:38 [main] INFO  Log - Verifying page title..
2025-04-29 18:24:38 [main] INFO  Log - Closing Browser...
2025-04-29 18:24:38 [main] INFO  Log - Setting up WebDriver
2025-04-29 18:24:40 [main] INFO  Log - Navigationg to test URL
2025-04-29 18:24:41 [main] INFO  Log - Start login test..
2025-04-29 18:24:41 [main] INFO  Log - Clicking Login button..
2025-04-29 18:24:41 [main] INFO  Log - Verifying page title..
2025-04-29 18:24:42 [main] INFO  Log - Closing Browser...
2025-04-29 18:24:42 [main] INFO  Log - Setting up WebDriver
2025-04-29 18:24:44 [main] INFO  Log - Navigationg to test URL
2025-04-29 18:24:45 [main] INFO  Log - Start login test..
2025-04-29 18:24:45 [main] INFO  Log - Clicking Login button..
2025-04-29 18:24:46 [main] INFO  Log - Verifying page title..
2025-04-29 18:24:46 [main] INFO  Log - Closing Browser...
2025-04-29 18:24:46 [main] INFO  Log - Setting up WebDriver
2025-04-29 18:24:48 [main] INFO  Log - Navigationg to test URL
2025-04-29 18:24:48 [main] INFO  Log - Start login test..
2025-04-29 18:24:49 [main] INFO  Log - Clicking Login button..
2025-04-29 18:24:49 [main] INFO  Log - Verifying page title..
2025-04-29 18:24:49 [main] INFO  Log - Closing Browser...
2025-04-29 18:31:14 [main] INFO  Log - Setting up WebDriver
2025-04-29 18:31:17 [main] INFO  Log - Navigationg to test URL
2025-04-29 18:31:17 [main] INFO  Log - Start login test..
2025-04-29 18:31:28 [main] INFO  Log - Closing Browser...
2025-04-29 18:31:29 [main] INFO  Log - Setting up WebDriver
2025-04-29 18:31:30 [main] INFO  Log - Navigationg to test URL
2025-04-29 18:31:31 [main] INFO  Log - Start login test..
2025-04-29 18:31:42 [main] INFO  Log - Closing Browser...
2025-04-29 18:31:44 [main] INFO  Log - Setting up WebDriver
2025-04-29 18:31:45 [main] INFO  Log - Navigationg to test URL
2025-04-29 18:31:46 [main] INFO  Log - Start login test..
2025-04-29 18:31:57 [main] INFO  Log - Closing Browser...
2025-04-29 18:31:58 [main] INFO  Log - Setting up WebDriver
2025-04-29 18:31:59 [main] INFO  Log - Navigationg to test URL
2025-04-29 18:32:00 [main] INFO  Log - Start login test..
2025-04-29 18:32:11 [main] INFO  Log - Closing Browser...
2025-04-29 18:32:11 [main] INFO  Log - Setting up WebDriver
2025-04-29 18:32:13 [main] INFO  Log - Navigationg to test URL
2025-04-29 18:32:14 [main] INFO  Log - Start login test..
2025-04-29 18:32:24 [main] INFO  Log - Closing Browser...
2025-04-29 18:32:25 [main] INFO  Log - Setting up WebDriver
2025-04-29 18:32:26 [main] INFO  Log - Navigationg to test URL
2025-04-29 18:32:27 [main] INFO  Log - Start login test..
2025-04-29 18:32:38 [main] INFO  Log - Closing Browser...
2025-04-29 18:32:40 [main] INFO  Log - Setting up WebDriver
2025-04-29 18:32:42 [main] INFO  Log - Navigationg to test URL
2025-04-29 18:32:42 [main] INFO  Log - Start login test..
2025-04-29 18:32:53 [main] INFO  Log - Closing Browser...
2025-04-29 18:32:53 [main] INFO  Log - Setting up WebDriver
2025-04-29 18:32:55 [main] INFO  Log - Navigationg to test URL
2025-04-29 18:32:56 [main] INFO  Log - Start login test..
2025-04-29 18:33:07 [main] INFO  Log - Closing Browser...
2025-04-29 18:36:43 [main] INFO  Log - Setting up WebDriver
2025-04-29 18:36:45 [main] INFO  Log - Navigationg to test URL
2025-04-29 18:36:46 [main] INFO  Log - Start login test..
2025-04-29 18:36:47 [main] INFO  Log - Clicking Login button..
2025-04-29 18:36:47 [main] INFO  Log - Verifying page title..
2025-04-29 18:36:47 [main] INFO  Log - Login test completed..
2025-04-29 18:36:47 [main] INFO  Log - Closing Browser...
2025-04-29 18:36:47 [main] INFO  Log - Setting up WebDriver
2025-04-29 18:36:49 [main] INFO  Log - Navigationg to test URL
2025-04-29 18:36:50 [main] INFO  Log - Start login test..
2025-04-29 18:36:51 [main] INFO  Log - Clicking Login button..
2025-04-29 18:36:51 [main] INFO  Log - Verifying page title..
2025-04-29 18:36:51 [main] INFO  Log - Login test completed..
2025-04-29 18:36:51 [main] INFO  Log - Closing Browser...
2025-04-29 18:36:51 [main] INFO  Log - Setting up WebDriver
2025-04-29 18:36:53 [main] INFO  Log - Navigationg to test URL
2025-04-29 18:36:54 [main] INFO  Log - Start login test..
2025-04-29 18:36:55 [main] INFO  Log - Clicking Login button..
2025-04-29 18:36:55 [main] INFO  Log - Verifying page title..
2025-04-29 18:36:56 [main] INFO  Log - Closing Browser...
2025-04-29 18:36:56 [main] INFO  Log - Setting up WebDriver
2025-04-29 18:36:58 [main] INFO  Log - Navigationg to test URL
2025-04-29 18:36:59 [main] INFO  Log - Start login test..
2025-04-29 18:36:59 [main] INFO  Log - Clicking Login button..
2025-04-29 18:37:00 [main] INFO  Log - Verifying page title..
2025-04-29 18:37:00 [main] INFO  Log - Login test completed..
2025-04-29 18:37:00 [main] INFO  Log - Closing Browser...
2025-04-29 18:37:00 [main] INFO  Log - Setting up WebDriver
2025-04-29 18:37:02 [main] INFO  Log - Navigationg to test URL
2025-04-29 18:37:03 [main] INFO  Log - Start login test..
2025-04-29 18:37:03 [main] INFO  Log - Clicking Login button..
2025-04-29 18:37:03 [main] INFO  Log - Verifying page title..
2025-04-29 18:37:04 [main] INFO  Log - Closing Browser...
2025-04-29 18:37:04 [main] INFO  Log - Setting up WebDriver
2025-04-29 18:37:06 [main] INFO  Log - Navigationg to test URL
2025-04-29 18:37:06 [main] INFO  Log - Start login test..
2025-04-29 18:37:07 [main] INFO  Log - Clicking Login button..
2025-04-29 18:37:07 [main] INFO  Log - Verifying page title..
2025-04-29 18:37:07 [main] INFO  Log - Closing Browser...
2025-04-29 18:37:08 [main] INFO  Log - Setting up WebDriver
2025-04-29 18:37:09 [main] INFO  Log - Navigationg to test URL
2025-04-29 18:37:10 [main] INFO  Log - Start login test..
2025-04-29 18:37:10 [main] INFO  Log - Clicking Login button..
2025-04-29 18:37:11 [main] INFO  Log - Verifying page title..
2025-04-29 18:37:11 [main] INFO  Log - Closing Browser...
2025-04-29 18:37:11 [main] INFO  Log - Setting up WebDriver
2025-04-29 18:37:13 [main] INFO  Log - Navigationg to test URL
2025-04-29 18:37:14 [main] INFO  Log - Start login test..
2025-04-29 18:37:15 [main] INFO  Log - Clicking Login button..
2025-04-29 18:37:15 [main] INFO  Log - Verifying page title..
2025-04-29 18:37:15 [main] INFO  Log - Closing Browser...
2025-04-29 18:51:29 [main] INFO  Log - Setting up WebDriver
2025-04-29 18:51:31 [main] INFO  Log - Navigationg to test URL
2025-04-29 18:51:32 [main] INFO  Log - Start login test..
2025-04-29 18:51:33 [main] INFO  Log - Clicking Login button..
2025-04-29 18:51:33 [main] INFO  Log - Verifying page title..
2025-04-29 18:51:33 [main] INFO  Log - Login test completed..
2025-04-29 18:51:33 [main] INFO  Log - Closing Browser...
2025-04-29 18:51:33 [main] INFO  Log - Setting up WebDriver
2025-04-29 18:51:34 [main] INFO  Log - Navigationg to test URL
2025-04-29 18:51:35 [main] INFO  Log - Start login test..
2025-04-29 18:51:35 [main] INFO  Log - Clicking Login button..
2025-04-29 18:51:35 [main] INFO  Log - Verifying page title..
2025-04-29 18:51:35 [main] INFO  Log - Login test completed..
2025-04-29 18:51:35 [main] INFO  Log - Closing Browser...
2025-04-29 18:51:35 [main] INFO  Log - Setting up WebDriver
2025-04-29 18:51:37 [main] INFO  Log - Navigationg to test URL
2025-04-29 18:51:37 [main] INFO  Log - Start login test..
2025-04-29 18:51:38 [main] INFO  Log - Clicking Login button..
2025-04-29 18:51:38 [main] INFO  Log - Verifying page title..
2025-04-29 18:51:38 [main] INFO  Log - Closing Browser...
2025-04-29 18:51:38 [main] INFO  Log - Setting up WebDriver
2025-04-29 18:51:40 [main] INFO  Log - Navigationg to test URL
2025-04-29 18:51:40 [main] INFO  Log - Start login test..
2025-04-29 18:51:41 [main] INFO  Log - Clicking Login button..
2025-04-29 18:51:41 [main] INFO  Log - Verifying page title..
2025-04-29 18:51:41 [main] INFO  Log - Login test completed..
2025-04-29 18:51:41 [main] INFO  Log - Closing Browser...
2025-04-29 18:51:41 [main] INFO  Log - Setting up WebDriver
2025-04-29 18:51:42 [main] INFO  Log - Navigationg to test URL
2025-04-29 18:51:43 [main] INFO  Log - Start login test..
2025-04-29 18:51:43 [main] INFO  Log - Clicking Login button..
2025-04-29 18:51:43 [main] INFO  Log - Verifying page title..
2025-04-29 18:51:43 [main] INFO  Log - Closing Browser...
2025-04-29 18:51:43 [main] INFO  Log - Setting up WebDriver
2025-04-29 18:51:45 [main] INFO  Log - Navigationg to test URL
2025-04-29 18:51:45 [main] INFO  Log - Start login test..
2025-04-29 18:51:46 [main] INFO  Log - Clicking Login button..
2025-04-29 18:51:46 [main] INFO  Log - Verifying page title..
2025-04-29 18:51:46 [main] INFO  Log - Closing Browser...
2025-04-29 18:51:46 [main] INFO  Log - Setting up WebDriver
2025-04-29 18:51:47 [main] INFO  Log - Navigationg to test URL
2025-04-29 18:51:48 [main] INFO  Log - Start login test..
2025-04-29 18:51:49 [main] INFO  Log - Clicking Login button..
2025-04-29 18:51:49 [main] INFO  Log - Verifying page title..
2025-04-29 18:51:49 [main] INFO  Log - Closing Browser...
2025-04-29 18:51:49 [main] INFO  Log - Setting up WebDriver
2025-04-29 18:51:50 [main] INFO  Log - Navigationg to test URL
2025-04-29 18:51:51 [main] INFO  Log - Start login test..
2025-04-29 18:51:52 [main] INFO  Log - Clicking Login button..
2025-04-29 18:51:52 [main] INFO  Log - Verifying page title..
2025-04-29 18:51:52 [main] INFO  Log - Closing Browser...
2025-04-29 19:11:04 [main] INFO  Log - Setting up WebDriver
2025-04-29 19:11:06 [main] INFO  Log - Navigationg to test URL
2025-04-29 19:11:07 [main] INFO  Log - Start login test..
2025-04-29 19:11:07 [main] INFO  Log - Clicking Login button..
2025-04-29 19:11:07 [main] INFO  Log - Verifying page title..
2025-04-29 19:11:07 [main] INFO  Log - Login test completed..
2025-04-29 19:11:07 [main] INFO  Log - Closing Browser...
2025-04-29 19:11:07 [main] INFO  Log - Setting up WebDriver
2025-04-29 19:11:09 [main] INFO  Log - Navigationg to test URL
2025-04-29 19:11:09 [main] INFO  Log - Start login test..
2025-04-29 19:11:10 [main] INFO  Log - Clicking Login button..
2025-04-29 19:11:10 [main] INFO  Log - Verifying page title..
2025-04-29 19:11:10 [main] INFO  Log - Login test completed..
2025-04-29 19:11:10 [main] INFO  Log - Closing Browser...
2025-04-29 19:11:10 [main] INFO  Log - Setting up WebDriver
2025-04-29 19:11:11 [main] INFO  Log - Navigationg to test URL
2025-04-29 19:11:12 [main] INFO  Log - Start login test..
2025-04-29 19:11:12 [main] INFO  Log - Clicking Login button..
2025-04-29 19:11:13 [main] INFO  Log - Verifying page title..
2025-04-29 19:11:13 [main] INFO  Log - Closing Browser...
2025-04-29 19:11:13 [main] INFO  Log - Setting up WebDriver
2025-04-29 19:11:14 [main] INFO  Log - Navigationg to test URL
2025-04-29 19:11:15 [main] INFO  Log - Start login test..
2025-04-29 19:11:16 [main] INFO  Log - Clicking Login button..
2025-04-29 19:11:16 [main] INFO  Log - Verifying page title..
2025-04-29 19:11:16 [main] INFO  Log - Login test completed..
2025-04-29 19:11:16 [main] INFO  Log - Closing Browser...
2025-04-29 19:23:58 [main] INFO  Log - Setting up WebDriver
2025-04-29 19:24:00 [main] INFO  Log - Navigationg to test URL
2025-04-29 19:24:01 [main] INFO  Log - Start login test..
2025-04-29 19:24:01 [main] INFO  Log - Clicking Login button..
2025-04-29 19:24:01 [main] INFO  Log - Verifying page title..
2025-04-29 19:24:01 [main] INFO  Log - Login test completed..
2025-04-29 19:24:01 [main] INFO  Log - Closing Browser...
2025-04-29 19:24:01 [main] INFO  Log - Setting up WebDriver
2025-04-29 19:24:03 [main] INFO  Log - Navigationg to test URL
2025-04-29 19:24:03 [main] INFO  Log - Start login test..
2025-04-29 19:24:04 [main] INFO  Log - Clicking Login button..
2025-04-29 19:24:04 [main] INFO  Log - Verifying page title..
2025-04-29 19:24:04 [main] INFO  Log - Login test completed..
2025-04-29 19:24:04 [main] INFO  Log - Closing Browser...
2025-04-29 19:24:04 [main] INFO  Log - Setting up WebDriver
2025-04-29 19:24:05 [main] INFO  Log - Navigationg to test URL
2025-04-29 19:24:06 [main] INFO  Log - Start login test..
2025-04-29 19:24:06 [main] INFO  Log - Clicking Login button..
2025-04-29 19:24:06 [main] INFO  Log - Verifying page title..
2025-04-29 19:24:17 [main] INFO  Log - Closing Browser...
2025-04-29 19:24:17 [main] INFO  Log - Setting up WebDriver
2025-04-29 19:24:18 [main] INFO  Log - Navigationg to test URL
2025-04-29 19:24:19 [main] INFO  Log - Start login test..
2025-04-29 19:24:19 [main] INFO  Log - Clicking Login button..
2025-04-29 19:24:20 [main] INFO  Log - Verifying page title..
2025-04-29 19:24:20 [main] INFO  Log - Login test completed..
2025-04-29 19:24:20 [main] INFO  Log - Closing Browser...
2025-04-30 12:35:20 [main] INFO  Log - Setting up WebDriver
2025-04-30 12:35:23 [main] INFO  Log - Navigationg to test URL
2025-04-30 12:35:24 [main] INFO  Log - Start login test..
2025-04-30 12:35:24 [main] INFO  Log - Clicking Login button..
2025-04-30 12:35:24 [main] INFO  Log - Verifying page title..
2025-04-30 12:35:24 [main] INFO  Log - Login test completed..
2025-04-30 12:35:24 [main] INFO  Log - Closing Browser...
2025-04-30 12:35:25 [main] INFO  Log - Setting up WebDriver
2025-04-30 12:35:26 [main] INFO  Log - Navigationg to test URL
2025-04-30 12:35:27 [main] INFO  Log - Start login test..
2025-04-30 12:35:27 [main] INFO  Log - Clicking Login button..
2025-04-30 12:35:27 [main] INFO  Log - Verifying page title..
2025-04-30 12:35:27 [main] INFO  Log - Login test completed..
2025-04-30 12:35:27 [main] INFO  Log - Closing Browser...
2025-04-30 12:35:27 [main] INFO  Log - Setting up WebDriver
2025-04-30 12:35:29 [main] INFO  Log - Navigationg to test URL
2025-04-30 12:35:30 [main] INFO  Log - Start login test..
2025-04-30 12:35:30 [main] INFO  Log - Clicking Login button..
2025-04-30 12:35:30 [main] INFO  Log - Verifying page title..
2025-04-30 12:35:41 [main] INFO  Log - Closing Browser...
2025-04-30 12:35:41 [main] INFO  Log - Setting up WebDriver
2025-04-30 12:35:42 [main] INFO  Log - Navigationg to test URL
2025-04-30 12:35:43 [main] INFO  Log - Start login test..
2025-04-30 12:35:44 [main] INFO  Log - Clicking Login button..
2025-04-30 12:35:44 [main] INFO  Log - Verifying page title..
2025-04-30 12:35:44 [main] INFO  Log - Login test completed..
2025-04-30 12:35:44 [main] INFO  Log - Closing Browser...
